C:\Users\Administrator\Desktop\New MLproject\Git Tutorials>git status
On branch master

No commits yet

Untracked files:
  (use "git add <file>..." to include in what will be committed)
        README.md

nothing added to commit but untracked files present (use "git add" to track)

C:\Users\Administrator\Desktop\New MLproject\Git Tutorials>git add README.md

C:\Users\Administrator\Desktop\New MLproject\Git Tutorials>git status
On branch master

No commits yet

Changes to be committed:
  (use "git rm --cached <file>..." to unstage)
        new file:   README.md


C:\Users\Administrator\Desktop\New MLproject\Git Tutorials>git commit -m "This is my first commit"
[master (root-commit) 07be070] This is my first commit
 1 file changed, 1 insertion(+)
 create mode 100644 README.md

C:\Users\Administrator\Desktop\New MLproject\Git Tutorials>git status
On branch master
nothing to commit, working tree clean

C:\Users\Administrator\Desktop\New MLproject\Git Tutorials>git branch
* master

C:\Users\Administrator\Desktop\New MLproject\Git Tutorials>git branch -M main

C:\Users\Administrator\Desktop\New MLproject\Git Tutorials>git branch
* main

C:\Users\Administrator\Desktop\New MLproject\Git Tutorials>git remote add origin https://github.com/santoshpandey99/gittutorials.git

C:\Users\Administrator\Desktop\New MLproject\Git Tutorials>git status
On branch main
nothing to commit, working tree clean

C:\Users\Administrator\Desktop\New MLproject\Git Tutorials>git remote -v
origin  https://github.com/santoshpandey99/gittutorials.git (fetch)
origin  https://github.com/santoshpandey99/gittutorials.git (push)

C:\Users\Administrator\Desktop\New MLproject\Git Tutorials>git push origin main
Enumerating objects: 3, done.
Counting objects: 100% (3/3), done.
Writing objects: 100% (3/3), 249 bytes | 124.00 KiB/s, done.
Total 3 (delta 0), reused 0 (delta 0), pack-reused 0
To https://github.com/santoshpandey99/gittutorials.git
 * [new branch]      main -> main

C:\Users\Administrator\Desktop\New MLproject\Git Tutorials>git status
On branch main
Changes not staged for commit:
  (use "git add <file>..." to update what will be committed)
  (use "git restore <file>..." to discard changes in working directory)
        modified:   README.md

no changes added to commit (use "git add" and/or "git commit -a")

C:\Users\Administrator\Desktop\New MLproject\Git Tutorials>git status
On branch main
Changes not staged for commit:
  (use "git add <file>..." to update what will be committed)
  (use "git restore <file>..." to discard changes in working directory)
        modified:   README.md

Untracked files:
  (use "git add <file>..." to include in what will be committed)
        Learn.txt

no changes added to commit (use "git add" and/or "git commit -a")

C:\Users\Administrator\Desktop\New MLproject\Git Tutorials>git add .

C:\Users\Administrator\Desktop\New MLproject\Git Tutorials>git status
On branch main
Changes to be committed:
  (use "git restore --staged <file>..." to unstage)
        new file:   Learn.txt
        modified:   README.md


C:\Users\Administrator\Desktop\New MLproject\Git Tutorials>git commit -M " This is my second commint"
error: unknown switch `M'
usage: git commit [-a | --interactive | --patch] [-s] [-v] [-u<mode>] [--amend]
                  [--dry-run] [(-c | -C | --squash) <commit> | --fixup [(amend|reword):]<commit>)]
                  [-F <file> | -m <msg>] [--reset-author] [--allow-empty]
                  [--allow-empty-message] [--no-verify] [-e] [--author=<author>]
                  [--date=<date>] [--cleanup=<mode>] [--[no-]status]
                  [-i | -o] [--pathspec-from-file=<file> [--pathspec-file-nul]]
                  [(--trailer <token>[(=|:)<value>])...] [-S[<keyid>]]
                  [--] [<pathspec>...]

    -q, --quiet           suppress summary after successful commit
    -v, --verbose         show diff in commit message template

Commit message options
    -F, --file <file>     read message from file
    --author <author>     override author for commit
    --date <date>         override date for commit
    -m, --message <message>
                          commit message
    -c, --reedit-message <commit>
                          reuse and edit message from specified commit
    -C, --reuse-message <commit>
                          reuse message from specified commit
    --fixup [(amend|reword):]commit
                          use autosquash formatted message to fixup or amend/reword specified commit
    --squash <commit>     use autosquash formatted message to squash specified commit
    --reset-author        the commit is authored by me now (used with -C/-c/--amend)
    --trailer <trailer>   add custom trailer(s)
    -s, --signoff         add a Signed-off-by trailer
    -t, --template <file>
                          use specified template file
    -e, --edit            force edit of commit
    --cleanup <mode>      how to strip spaces and #comments from message
    --status              include status in commit message template
    -S, --gpg-sign[=<key-id>]
                          GPG sign commit

Commit contents options
    -a, --all             commit all changed files
    -i, --include         add specified files to index for commit
    --interactive         interactively add files
    -p, --patch           interactively add changes
    -o, --only            commit only specified files
    -n, --no-verify       bypass pre-commit and commit-msg hooks
    --dry-run             show what would be committed
    --short               show status concisely
    --branch              show branch information
    --ahead-behind        compute full ahead/behind values
    --porcelain           machine-readable output
    --long                show status in long format (default)
    -z, --null            terminate entries with NUL
    --amend               amend previous commit
    --no-post-rewrite     bypass post-rewrite hook
    -u, --untracked-files[=<mode>]
                          show untracked files, optional modes: all, normal, no. (Default: all)
    --pathspec-from-file <file>
                          read pathspec from file
    --pathspec-file-nul   with --pathspec-from-file, pathspec elements are separated with NUL character


C:\Users\Administrator\Desktop\New MLproject\Git Tutorials>git remote -v
origin  https://github.com/santoshpandey99/gittutorials.git (fetch)
origin  https://github.com/santoshpandey99/gittutorials.git (push)

C:\Users\Administrator\Desktop\New MLproject\Git Tutorials>git push origin main
Everything up-to-date

C:\Users\Administrator\Desktop\New MLproject\Git Tutorials>git commit -m "This is my second commit"
[main f2622f9] This is my second commit
 2 files changed, 3 insertions(+), 1 deletion(-)
 create mode 100644 Learn.txt

C:\Users\Administrator\Desktop\New MLproject\Git Tutorials>git remote -v
origin  https://github.com/santoshpandey99/gittutorials.git (fetch)
origin  https://github.com/santoshpandey99/gittutorials.git (push)

C:\Users\Administrator\Desktop\New MLproject\Git Tutorials>git push origin main
Enumerating objects: 6, done.
Counting objects: 100% (6/6), done.
Delta compression using up to 8 threads
Compressing objects: 100% (3/3), done.
Writing objects: 100% (4/4), 360 bytes | 360.00 KiB/s, done.
Total 4 (delta 0), reused 0 (delta 0), pack-reused 0
To https://github.com/santoshpandey99/gittutorials.git
   07be070..f2622f9  main -> main

C:\Users\Administrator\Desktop\New MLproject\Git Tutorials>



C:\Users\Administrator\Desktop\New MLproject\Git Tutorials>git diff --staged

C:\Users\Administrator\Desktop\New MLproject\Git Tutorials>git push origin main
Enumerating objects: 4, done.
Counting objects: 100% (4/4), done.
Delta compression using up to 8 threads
Compressing objects: 100% (2/2), done.
Writing objects: 100% (3/3), 341 bytes | 341.00 KiB/s, done.
Total 3 (delta 0), reused 0 (delta 0), pack-reused 0
To https://github.com/santoshpandey99/gittutorials.git
   4e611fd..043dbfa  main -> main

C:\Users\Administrator\Desktop\New MLproject\Git Tutorials>git branch
* main

C:\Users\Administrator\Desktop\New MLproject\Git Tutorials>git branch  Santosh_developer

C:\Users\Administrator\Desktop\New MLproject\Git Tutorials>git branch
  Santosh_developer
* main

C:\Users\Administrator\Desktop\New MLproject\Git Tutorials>git checkout Santosh_developer
Switched to branch 'Santosh_developer'

C:\Users\Administrator\Desktop\New MLproject\Git Tutorials>git branc
git: 'branc' is not a git command. See 'git --help'.

C:\Users\Administrator\Desktop\New MLproject\Git Tutorials>git branch
* Santosh_developer
  main

C:\Users\Administrator\Desktop\New MLproject\Git Tutorials>git status
On branch Santosh_developer
Untracked files:
  (use "git add <file>..." to include in what will be committed)
        New Text Document (2).txt

nothing added to commit but untracked files present (use "git add" to track)

C:\Users\Administrator\Desktop\New MLproject\Git Tutorials>git add .

C:\Users\Administrator\Desktop\New MLproject\Git Tutorials>git status
On branch Santosh_developer
Changes to be committed:
  (use "git restore --staged <file>..." to unstage)
        new file:   New Text Document (2).txt


C:\Users\Administrator\Desktop\New MLproject\Git Tutorials>git commit -m "Ths is my first commit to Santosh_developer branch"
[Santosh_developer 43b961f] Ths is my first commit to Santosh_developer branch
 1 file changed, 0 insertions(+), 0 deletions(-)
 create mode 100644 New Text Document (2).txt

C:\Users\Administrator\Desktop\New MLproject\Git Tutorials>
C:\Users\Administrator\Desktop\New MLproject\Git Tutorials>git status
On branch Santosh_developer
nothing to commit, working tree clean

C:\Users\Administrator\Desktop\New MLproject\Git Tutorials>git checkout main
Switched to branch 'main'

C:\Users\Administrator\Desktop\New MLproject\Git Tutorials>git branch
  Santosh_developer
* main

C:\Users\Administrator\Desktop\New MLproject\Git Tutorials>git merge Santosh_developer
Updating 043dbfa..43b961f
Fast-forward
 New Text Document (2).txt | 0
 1 file changed, 0 insertions(+), 0 deletions(-)
 create mode 100644 New Text Document (2).txt

C:\Users\Administrator\Desktop\New MLproject\Git Tutorials>git status
On branch main
nothing to commit, working tree clean

C:\Users\Administrator\Desktop\New MLproject\Git Tutorials>git push origin main
Enumerating objects: 3, done.
Counting objects: 100% (3/3), done.
Delta compression using up to 8 threads
Compressing objects: 100% (2/2), done.
Writing objects: 100% (2/2), 266 bytes | 266.00 KiB/s, done.
Total 2 (delta 1), reused 0 (delta 0), pack-reused 0
remote: Resolving deltas: 100% (1/1), completed with 1 local object.
To https://github.com/santoshpandey99/gittutorials.git
   043dbfa..43b961f  main -> main

C:\Users\Administrator\Desktop\New MLproject\Git Tutorials>git status
On branch main
nothing to commit, working tree clean

C:\Users\Administrator\Desktop\New MLproject\Git Tutorials>

